-- The C compiler identification is GNU 13.3.0
-- The CXX compiler identification is GNU 13.3.0
-- Detecting C compiler ABI info
-- Detecting C compiler ABI info - done
-- Check for working C compiler: /usr/bin/cc - skipped
-- Detecting C compile features
-- Detecting C compile features - done
-- Detecting CXX compiler ABI info
-- Detecting CXX compiler ABI info - done
-- Check for working CXX compiler: /usr/bin/c++ - skipped
-- Detecting CXX compile features
-- Detecting CXX compile features - done
-- Found ament_cmake: 2.5.6 (/opt/ros/jazzy/share/ament_cmake/cmake)
-- Found Python3: /usr/bin/python3 (found version "3.12.3") found components: Interpreter 
-- Override CMake install command with custom implementation using symlinks instead of copying resources
-- Configuring done (1.1s)
-- Generating done (0.0s)
-- Build files have been written to: /home/db/wheelchair_ws/build/wheelchair_navigation
-- Install configuration: ""
-- Execute custom install script
-- Symlinking: /home/db/wheelchair_ws/install/wheelchair_navigation/share/wheelchair_navigation/urdf/wheelchair.urdf
-- Symlinking: /home/db/wheelchair_ws/install/wheelchair_navigation/share/wheelchair_navigation/launch/bringup.launch.py
-- Symlinking: /home/db/wheelchair_ws/install/wheelchair_navigation/share/wheelchair_navigation/config/mapper_params_online.yaml
-- Symlinking: /home/db/wheelchair_ws/install/wheelchair_navigation/share/ament_index/resource_index/package_run_dependencies/wheelchair_navigation
-- Symlinking: /home/db/wheelchair_ws/install/wheelchair_navigation/share/ament_index/resource_index/parent_prefix_path/wheelchair_navigation
-- Symlinking: /home/db/wheelchair_ws/install/wheelchair_navigation/share/wheelchair_navigation/environment/ament_prefix_path.sh
-- Symlinking: /home/db/wheelchair_ws/install/wheelchair_navigation/share/wheelchair_navigation/environment/ament_prefix_path.dsv
-- Symlinking: /home/db/wheelchair_ws/install/wheelchair_navigation/share/wheelchair_navigation/environment/path.sh
-- Symlinking: /home/db/wheelchair_ws/install/wheelchair_navigation/share/wheelchair_navigation/environment/path.dsv
-- Symlinking: /home/db/wheelchair_ws/install/wheelchair_navigation/share/wheelchair_navigation/local_setup.bash
-- Symlinking: /home/db/wheelchair_ws/install/wheelchair_navigation/share/wheelchair_navigation/local_setup.sh
-- Symlinking: /home/db/wheelchair_ws/install/wheelchair_navigation/share/wheelchair_navigation/local_setup.zsh
-- Symlinking: /home/db/wheelchair_ws/install/wheelchair_navigation/share/wheelchair_navigation/local_setup.dsv
-- Symlinking: /home/db/wheelchair_ws/install/wheelchair_navigation/share/wheelchair_navigation/package.dsv
-- Symlinking: /home/db/wheelchair_ws/install/wheelchair_navigation/share/ament_index/resource_index/packages/wheelchair_navigation
-- Symlinking: /home/db/wheelchair_ws/install/wheelchair_navigation/share/wheelchair_navigation/cmake/wheelchair_navigationConfig.cmake
-- Symlinking: /home/db/wheelchair_ws/install/wheelchair_navigation/share/wheelchair_navigation/cmake/wheelchair_navigationConfig-version.cmake
-- Symlinking: /home/db/wheelchair_ws/install/wheelchair_navigation/share/wheelchair_navigation/package.xml
