[0.139s] DEBUG:colcon:Command line arguments: ['/usr/bin/colcon', 'build', '--symlink-install']
[0.139s] DEBUG:colcon:Parsed command line arguments: Namespace(log_base=None, log_level=None, verb_name='build', build_base='build', install_base='install', merge_install=False, symlink_install=True, test_result_base=None, continue_on_error=False, executor='parallel', parallel_workers=4, event_handlers=None, ignore_user_meta=False, metas=['./colcon.meta'], base_paths=['.'], packages_ignore=None, packages_ignore_regex=None, paths=None, packages_up_to=None, packages_up_to_regex=None, packages_above=None, packages_above_and_dependencies=None, packages_above_depth=None, packages_select_by_dep=None, packages_skip_by_dep=None, packages_skip_up_to=None, packages_select_build_failed=False, packages_skip_build_finished=False, packages_select_test_failures=False, packages_skip_test_passed=False, packages_select=None, packages_skip=None, packages_select_regex=None, packages_skip_regex=None, packages_start=None, packages_end=None, allow_overriding=[], cmake_args=None, cmake_target=None, cmake_target_skip_unavailable=False, cmake_clean_cache=False, cmake_clean_first=False, cmake_force_configure=False, ament_cmake_args=None, catkin_cmake_args=None, catkin_skip_building_tests=False, mixin_files=None, mixin=None, verb_parser=<colcon_mixin.mixin.mixin_argument.MixinArgumentDecorator object at 0xffffacabb260>, verb_extension=<colcon_core.verb.build.BuildVerb object at 0xffffacc674a0>, main=<bound method BuildVerb.main of <colcon_core.verb.build.BuildVerb object at 0xffffacc674a0>>, mixin_verb=('build',))
[0.194s] Level 1:colcon.colcon_core.package_discovery:discover_packages(colcon_meta) check parameters
[0.195s] Level 1:colcon.colcon_core.package_discovery:discover_packages(recursive) check parameters
[0.195s] Level 1:colcon.colcon_core.package_discovery:discover_packages(ignore) check parameters
[0.195s] Level 1:colcon.colcon_core.package_discovery:discover_packages(path) check parameters
[0.195s] Level 1:colcon.colcon_core.package_discovery:discover_packages(colcon_meta) discover
[0.195s] Level 1:colcon.colcon_core.package_discovery:discover_packages(recursive) discover
[0.195s] INFO:colcon.colcon_core.package_discovery:Crawling recursively for packages in '/home/db/wheelchair_ws'
[0.195s] Level 1:colcon.colcon_core.package_identification:_identify(.) by extensions ['ignore', 'ignore_ament_install']
[0.195s] Level 1:colcon.colcon_core.package_identification:_identify(.) by extension 'ignore'
[0.195s] Level 1:colcon.colcon_core.package_identification:_identify(.) by extension 'ignore_ament_install'
[0.195s] Level 1:colcon.colcon_core.package_identification:_identify(.) by extensions ['colcon_pkg']
[0.195s] Level 1:colcon.colcon_core.package_identification:_identify(.) by extension 'colcon_pkg'
[0.195s] Level 1:colcon.colcon_core.package_identification:_identify(.) by extensions ['colcon_meta']
[0.195s] Level 1:colcon.colcon_core.package_identification:_identify(.) by extension 'colcon_meta'
[0.195s] Level 1:colcon.colcon_core.package_identification:_identify(.) by extensions ['ros']
[0.195s] Level 1:colcon.colcon_core.package_identification:_identify(.) by extension 'ros'
[0.231s] Level 1:colcon.colcon_core.package_identification:_identify(.) by extensions ['cmake', 'python']
[0.232s] Level 1:colcon.colcon_core.package_identification:_identify(.) by extension 'cmake'
[0.232s] Level 1:colcon.colcon_core.package_identification:_identify(.) by extension 'python'
[0.232s] Level 1:colcon.colcon_core.package_identification:_identify(.) by extensions ['python_setup_py']
[0.232s] Level 1:colcon.colcon_core.package_identification:_identify(.) by extension 'python_setup_py'
[0.232s] Level 1:colcon.colcon_core.package_identification:_identify(build) by extensions ['ignore', 'ignore_ament_install']
[0.232s] Level 1:colcon.colcon_core.package_identification:_identify(build) by extension 'ignore'
[0.232s] Level 1:colcon.colcon_core.package_identification:_identify(build) ignored
[0.232s] Level 1:colcon.colcon_core.package_identification:_identify(install) by extensions ['ignore', 'ignore_ament_install']
[0.232s] Level 1:colcon.colcon_core.package_identification:_identify(install) by extension 'ignore'
[0.232s] Level 1:colcon.colcon_core.package_identification:_identify(install) ignored
[0.232s] Level 1:colcon.colcon_core.package_identification:_identify(log) by extensions ['ignore', 'ignore_ament_install']
[0.233s] Level 1:colcon.colcon_core.package_identification:_identify(log) by extension 'ignore'
[0.233s] Level 1:colcon.colcon_core.package_identification:_identify(log) ignored
[0.233s] Level 1:colcon.colcon_core.package_identification:_identify(src) by extensions ['ignore', 'ignore_ament_install']
[0.233s] Level 1:colcon.colcon_core.package_identification:_identify(src) by extension 'ignore'
[0.233s] Level 1:colcon.colcon_core.package_identification:_identify(src) by extension 'ignore_ament_install'
[0.233s] Level 1:colcon.colcon_core.package_identification:_identify(src) by extensions ['colcon_pkg']
[0.233s] Level 1:colcon.colcon_core.package_identification:_identify(src) by extension 'colcon_pkg'
[0.233s] Level 1:colcon.colcon_core.package_identification:_identify(src) by extensions ['colcon_meta']
[0.233s] Level 1:colcon.colcon_core.package_identification:_identify(src) by extension 'colcon_meta'
[0.233s] Level 1:colcon.colcon_core.package_identification:_identify(src) by extensions ['ros']
[0.233s] Level 1:colcon.colcon_core.package_identification:_identify(src) by extension 'ros'
[0.233s] Level 1:colcon.colcon_core.package_identification:_identify(src) by extensions ['cmake', 'python']
[0.233s] Level 1:colcon.colcon_core.package_identification:_identify(src) by extension 'cmake'
[0.233s] Level 1:colcon.colcon_core.package_identification:_identify(src) by extension 'python'
[0.233s] Level 1:colcon.colcon_core.package_identification:_identify(src) by extensions ['python_setup_py']
[0.233s] Level 1:colcon.colcon_core.package_identification:_identify(src) by extension 'python_setup_py'
[0.233s] Level 1:colcon.colcon_core.package_identification:_identify(src/sllidar_ros2) by extensions ['ignore', 'ignore_ament_install']
[0.233s] Level 1:colcon.colcon_core.package_identification:_identify(src/sllidar_ros2) by extension 'ignore'
[0.234s] Level 1:colcon.colcon_core.package_identification:_identify(src/sllidar_ros2) by extension 'ignore_ament_install'
[0.234s] Level 1:colcon.colcon_core.package_identification:_identify(src/sllidar_ros2) by extensions ['colcon_pkg']
[0.234s] Level 1:colcon.colcon_core.package_identification:_identify(src/sllidar_ros2) by extension 'colcon_pkg'
[0.234s] Level 1:colcon.colcon_core.package_identification:_identify(src/sllidar_ros2) by extensions ['colcon_meta']
[0.234s] Level 1:colcon.colcon_core.package_identification:_identify(src/sllidar_ros2) by extension 'colcon_meta'
[0.234s] Level 1:colcon.colcon_core.package_identification:_identify(src/sllidar_ros2) by extensions ['ros']
[0.234s] Level 1:colcon.colcon_core.package_identification:_identify(src/sllidar_ros2) by extension 'ros'
[0.237s] DEBUG:colcon.colcon_core.package_identification:Package 'src/sllidar_ros2' with type 'ros.ament_cmake' and name 'sllidar_ros2'
[0.237s] Level 1:colcon.colcon_core.package_identification:_identify(src/wheelchair_navigation) by extensions ['ignore', 'ignore_ament_install']
[0.237s] Level 1:colcon.colcon_core.package_identification:_identify(src/wheelchair_navigation) by extension 'ignore'
[0.237s] Level 1:colcon.colcon_core.package_identification:_identify(src/wheelchair_navigation) by extension 'ignore_ament_install'
[0.237s] Level 1:colcon.colcon_core.package_identification:_identify(src/wheelchair_navigation) by extensions ['colcon_pkg']
[0.237s] Level 1:colcon.colcon_core.package_identification:_identify(src/wheelchair_navigation) by extension 'colcon_pkg'
[0.237s] Level 1:colcon.colcon_core.package_identification:_identify(src/wheelchair_navigation) by extensions ['colcon_meta']
[0.237s] Level 1:colcon.colcon_core.package_identification:_identify(src/wheelchair_navigation) by extension 'colcon_meta'
[0.238s] Level 1:colcon.colcon_core.package_identification:_identify(src/wheelchair_navigation) by extensions ['ros']
[0.238s] Level 1:colcon.colcon_core.package_identification:_identify(src/wheelchair_navigation) by extension 'ros'
[0.239s] DEBUG:colcon.colcon_core.package_identification:Package 'src/wheelchair_navigation' with type 'ros.ament_cmake' and name 'wheelchair_navigation'
[0.239s] Level 1:colcon.colcon_core.package_discovery:discover_packages(recursive) using defaults
[0.239s] Level 1:colcon.colcon_core.package_discovery:discover_packages(ignore) discover
[0.239s] Level 1:colcon.colcon_core.package_discovery:discover_packages(ignore) using defaults
[0.239s] Level 1:colcon.colcon_core.package_discovery:discover_packages(path) discover
[0.239s] Level 1:colcon.colcon_core.package_discovery:discover_packages(path) using defaults
[0.263s] Level 1:colcon.colcon_core.package_discovery:discover_packages(prefix_path) check parameters
[0.263s] Level 1:colcon.colcon_core.package_discovery:discover_packages(prefix_path) discover
[0.264s] WARNING:colcon.colcon_ros.prefix_path.ament:The path '/home/db/wheelchair_ws/install/wheelchair_navigation' in the environment variable AMENT_PREFIX_PATH doesn't exist
[0.264s] WARNING:colcon.colcon_ros.prefix_path.ament:The path '/home/db/wheelchair_ws/install/sllidar_ros2' in the environment variable AMENT_PREFIX_PATH doesn't exist
[0.264s] WARNING:colcon.colcon_ros.prefix_path.catkin:The path '/home/db/wheelchair_ws/install/wheelchair_navigation' in the environment variable CMAKE_PREFIX_PATH doesn't exist
[0.264s] WARNING:colcon.colcon_ros.prefix_path.catkin:The path '/home/db/wheelchair_ws/install/sllidar_ros2' in the environment variable CMAKE_PREFIX_PATH doesn't exist
[0.265s] DEBUG:colcon.colcon_installed_package_information.package_discovery:Found 0 installed packages in /home/db/wheelchair_ws/install
[0.266s] DEBUG:colcon.colcon_installed_package_information.package_discovery:Found 176 installed packages in /opt/ros/jazzy
[0.267s] Level 1:colcon.colcon_core.package_discovery:discover_packages(prefix_path) using defaults
[0.306s] Level 5:colcon.colcon_core.verb:set package 'sllidar_ros2' build argument 'cmake_args' from command line to 'None'
[0.306s] Level 5:colcon.colcon_core.verb:set package 'sllidar_ros2' build argument 'cmake_target' from command line to 'None'
[0.306s] Level 5:colcon.colcon_core.verb:set package 'sllidar_ros2' build argument 'cmake_target_skip_unavailable' from command line to 'False'
[0.306s] Level 5:colcon.colcon_core.verb:set package 'sllidar_ros2' build argument 'cmake_clean_cache' from command line to 'False'
[0.306s] Level 5:colcon.colcon_core.verb:set package 'sllidar_ros2' build argument 'cmake_clean_first' from command line to 'False'
[0.306s] Level 5:colcon.colcon_core.verb:set package 'sllidar_ros2' build argument 'cmake_force_configure' from command line to 'False'
[0.306s] Level 5:colcon.colcon_core.verb:set package 'sllidar_ros2' build argument 'ament_cmake_args' from command line to 'None'
[0.306s] Level 5:colcon.colcon_core.verb:set package 'sllidar_ros2' build argument 'catkin_cmake_args' from command line to 'None'
[0.306s] Level 5:colcon.colcon_core.verb:set package 'sllidar_ros2' build argument 'catkin_skip_building_tests' from command line to 'False'
[0.307s] DEBUG:colcon.colcon_core.verb:Building package 'sllidar_ros2' with the following arguments: {'ament_cmake_args': None, 'build_base': '/home/db/wheelchair_ws/build/sllidar_ros2', 'catkin_cmake_args': None, 'catkin_skip_building_tests': False, 'cmake_args': None, 'cmake_clean_cache': False, 'cmake_clean_first': False, 'cmake_force_configure': False, 'cmake_target': None, 'cmake_target_skip_unavailable': False, 'install_base': '/home/db/wheelchair_ws/install/sllidar_ros2', 'merge_install': False, 'path': '/home/db/wheelchair_ws/src/sllidar_ros2', 'symlink_install': True, 'test_result_base': None}
[0.307s] Level 5:colcon.colcon_core.verb:set package 'wheelchair_navigation' build argument 'cmake_args' from command line to 'None'
[0.307s] Level 5:colcon.colcon_core.verb:set package 'wheelchair_navigation' build argument 'cmake_target' from command line to 'None'
[0.307s] Level 5:colcon.colcon_core.verb:set package 'wheelchair_navigation' build argument 'cmake_target_skip_unavailable' from command line to 'False'
[0.307s] Level 5:colcon.colcon_core.verb:set package 'wheelchair_navigation' build argument 'cmake_clean_cache' from command line to 'False'
[0.307s] Level 5:colcon.colcon_core.verb:set package 'wheelchair_navigation' build argument 'cmake_clean_first' from command line to 'False'
[0.307s] Level 5:colcon.colcon_core.verb:set package 'wheelchair_navigation' build argument 'cmake_force_configure' from command line to 'False'
[0.307s] Level 5:colcon.colcon_core.verb:set package 'wheelchair_navigation' build argument 'ament_cmake_args' from command line to 'None'
[0.307s] Level 5:colcon.colcon_core.verb:set package 'wheelchair_navigation' build argument 'catkin_cmake_args' from command line to 'None'
[0.307s] Level 5:colcon.colcon_core.verb:set package 'wheelchair_navigation' build argument 'catkin_skip_building_tests' from command line to 'False'
[0.307s] DEBUG:colcon.colcon_core.verb:Building package 'wheelchair_navigation' with the following arguments: {'ament_cmake_args': None, 'build_base': '/home/db/wheelchair_ws/build/wheelchair_navigation', 'catkin_cmake_args': None, 'catkin_skip_building_tests': False, 'cmake_args': None, 'cmake_clean_cache': False, 'cmake_clean_first': False, 'cmake_force_configure': False, 'cmake_target': None, 'cmake_target_skip_unavailable': False, 'install_base': '/home/db/wheelchair_ws/install/wheelchair_navigation', 'merge_install': False, 'path': '/home/db/wheelchair_ws/src/wheelchair_navigation', 'symlink_install': True, 'test_result_base': None}
[0.307s] INFO:colcon.colcon_core.executor:Executing jobs using 'parallel' executor
[0.309s] DEBUG:colcon.colcon_parallel_executor.executor.parallel:run_until_complete
[0.309s] INFO:colcon.colcon_ros.task.ament_cmake.build:Building ROS package in '/home/db/wheelchair_ws/src/sllidar_ros2' with build type 'ament_cmake'
[0.309s] INFO:colcon.colcon_cmake.task.cmake.build:Building CMake package in '/home/db/wheelchair_ws/src/sllidar_ros2'
[0.311s] INFO:colcon.colcon_core.plugin_system:Skipping extension 'colcon_core.shell.bat': Not used on non-Windows systems
[0.311s] INFO:colcon.colcon_core.shell:Skip shell extension 'powershell' for command environment: Not usable outside of PowerShell
[0.311s] DEBUG:colcon.colcon_core.shell:Skip shell extension 'dsv' for command environment
[0.321s] DEBUG:colcon.colcon_core.event_handler.log_command:Invoking command in '/home/db/wheelchair_ws/build/sllidar_ros2': CMAKE_PREFIX_PATH=${CMAKE_PREFIX_PATH}:/opt/ros/jazzy /usr/bin/cmake /home/db/wheelchair_ws/src/sllidar_ros2 -DAMENT_CMAKE_SYMLINK_INSTALL=1 -DCMAKE_INSTALL_PREFIX=/home/db/wheelchair_ws/install/sllidar_ros2
[2.153s] DEBUG:colcon.colcon_core.event_handler.log_command:Invoked command in '/home/db/wheelchair_ws/build/sllidar_ros2' returned '0': CMAKE_PREFIX_PATH=${CMAKE_PREFIX_PATH}:/opt/ros/jazzy /usr/bin/cmake /home/db/wheelchair_ws/src/sllidar_ros2 -DAMENT_CMAKE_SYMLINK_INSTALL=1 -DCMAKE_INSTALL_PREFIX=/home/db/wheelchair_ws/install/sllidar_ros2
[2.155s] DEBUG:colcon.colcon_core.event_handler.log_command:Invoking command in '/home/db/wheelchair_ws/build/sllidar_ros2': CMAKE_PREFIX_PATH=${CMAKE_PREFIX_PATH}:/opt/ros/jazzy /usr/bin/cmake --build /home/db/wheelchair_ws/build/sllidar_ros2 -- -j4 -l4
[17.410s] DEBUG:colcon.colcon_core.event_handler.log_command:Invoked command in '/home/db/wheelchair_ws/build/sllidar_ros2' returned '0': CMAKE_PREFIX_PATH=${CMAKE_PREFIX_PATH}:/opt/ros/jazzy /usr/bin/cmake --build /home/db/wheelchair_ws/build/sllidar_ros2 -- -j4 -l4
[17.428s] DEBUG:colcon.colcon_core.event_handler.log_command:Invoking command in '/home/db/wheelchair_ws/build/sllidar_ros2': CMAKE_PREFIX_PATH=${CMAKE_PREFIX_PATH}:/opt/ros/jazzy /usr/bin/cmake --install /home/db/wheelchair_ws/build/sllidar_ros2
[18.150s] Level 1:colcon.colcon_core.environment:create_environment_scripts_only(sllidar_ros2)
[18.150s] DEBUG:colcon.colcon_core.event_handler.log_command:Invoked command in '/home/db/wheelchair_ws/build/sllidar_ros2' returned '0': CMAKE_PREFIX_PATH=${CMAKE_PREFIX_PATH}:/opt/ros/jazzy /usr/bin/cmake --install /home/db/wheelchair_ws/build/sllidar_ros2
[18.153s] Level 1:colcon.colcon_core.environment:checking '/home/db/wheelchair_ws/install/sllidar_ros2' for CMake module files
[18.153s] Level 1:colcon.colcon_core.environment:checking '/home/db/wheelchair_ws/install/sllidar_ros2' for CMake config files
[18.154s] Level 1:colcon.colcon_core.shell:create_environment_hook('sllidar_ros2', 'cmake_prefix_path')
[18.154s] INFO:colcon.colcon_core.shell:Creating environment hook '/home/db/wheelchair_ws/install/sllidar_ros2/share/sllidar_ros2/hook/cmake_prefix_path.ps1'
[18.155s] INFO:colcon.colcon_core.shell:Creating environment descriptor '/home/db/wheelchair_ws/install/sllidar_ros2/share/sllidar_ros2/hook/cmake_prefix_path.dsv'
[18.155s] INFO:colcon.colcon_core.shell:Creating environment hook '/home/db/wheelchair_ws/install/sllidar_ros2/share/sllidar_ros2/hook/cmake_prefix_path.sh'
[18.156s] Level 1:colcon.colcon_core.environment:checking '/home/db/wheelchair_ws/install/sllidar_ros2/lib'
[18.156s] Level 1:colcon.colcon_core.environment:checking '/home/db/wheelchair_ws/install/sllidar_ros2/bin'
[18.156s] Level 1:colcon.colcon_core.environment:checking '/home/db/wheelchair_ws/install/sllidar_ros2/lib/pkgconfig/sllidar_ros2.pc'
[18.157s] Level 1:colcon.colcon_core.environment:checking '/home/db/wheelchair_ws/install/sllidar_ros2/lib/python3.12/site-packages'
[18.157s] Level 1:colcon.colcon_core.environment:checking '/home/db/wheelchair_ws/install/sllidar_ros2/bin'
[18.157s] INFO:colcon.colcon_core.shell:Creating package script '/home/db/wheelchair_ws/install/sllidar_ros2/share/sllidar_ros2/package.ps1'
[18.158s] INFO:colcon.colcon_core.shell:Creating package descriptor '/home/db/wheelchair_ws/install/sllidar_ros2/share/sllidar_ros2/package.dsv'
[18.159s] INFO:colcon.colcon_core.shell:Creating package script '/home/db/wheelchair_ws/install/sllidar_ros2/share/sllidar_ros2/package.sh'
[18.160s] INFO:colcon.colcon_core.shell:Creating package script '/home/db/wheelchair_ws/install/sllidar_ros2/share/sllidar_ros2/package.bash'
[18.160s] INFO:colcon.colcon_core.shell:Creating package script '/home/db/wheelchair_ws/install/sllidar_ros2/share/sllidar_ros2/package.zsh'
[18.161s] Level 1:colcon.colcon_core.environment:create_file_with_runtime_dependencies(/home/db/wheelchair_ws/install/sllidar_ros2/share/colcon-core/packages/sllidar_ros2)
[18.162s] Level 1:colcon.colcon_core.environment:create_environment_scripts_only(sllidar_ros2)
[18.162s] Level 1:colcon.colcon_core.environment:checking '/home/db/wheelchair_ws/install/sllidar_ros2' for CMake module files
[18.163s] Level 1:colcon.colcon_core.environment:checking '/home/db/wheelchair_ws/install/sllidar_ros2' for CMake config files
[18.163s] Level 1:colcon.colcon_core.shell:create_environment_hook('sllidar_ros2', 'cmake_prefix_path')
[18.163s] INFO:colcon.colcon_core.shell:Creating environment hook '/home/db/wheelchair_ws/install/sllidar_ros2/share/sllidar_ros2/hook/cmake_prefix_path.ps1'
[18.164s] INFO:colcon.colcon_core.shell:Creating environment descriptor '/home/db/wheelchair_ws/install/sllidar_ros2/share/sllidar_ros2/hook/cmake_prefix_path.dsv'
[18.164s] INFO:colcon.colcon_core.shell:Creating environment hook '/home/db/wheelchair_ws/install/sllidar_ros2/share/sllidar_ros2/hook/cmake_prefix_path.sh'
[18.165s] Level 1:colcon.colcon_core.environment:checking '/home/db/wheelchair_ws/install/sllidar_ros2/lib'
[18.165s] Level 1:colcon.colcon_core.environment:checking '/home/db/wheelchair_ws/install/sllidar_ros2/bin'
[18.166s] Level 1:colcon.colcon_core.environment:checking '/home/db/wheelchair_ws/install/sllidar_ros2/lib/pkgconfig/sllidar_ros2.pc'
[18.166s] Level 1:colcon.colcon_core.environment:checking '/home/db/wheelchair_ws/install/sllidar_ros2/lib/python3.12/site-packages'
[18.166s] Level 1:colcon.colcon_core.environment:checking '/home/db/wheelchair_ws/install/sllidar_ros2/bin'
[18.167s] INFO:colcon.colcon_core.shell:Creating package script '/home/db/wheelchair_ws/install/sllidar_ros2/share/sllidar_ros2/package.ps1'
[18.168s] INFO:colcon.colcon_core.shell:Creating package descriptor '/home/db/wheelchair_ws/install/sllidar_ros2/share/sllidar_ros2/package.dsv'
[18.168s] INFO:colcon.colcon_core.shell:Creating package script '/home/db/wheelchair_ws/install/sllidar_ros2/share/sllidar_ros2/package.sh'
[18.169s] INFO:colcon.colcon_core.shell:Creating package script '/home/db/wheelchair_ws/install/sllidar_ros2/share/sllidar_ros2/package.bash'
[18.170s] INFO:colcon.colcon_core.shell:Creating package script '/home/db/wheelchair_ws/install/sllidar_ros2/share/sllidar_ros2/package.zsh'
[18.171s] Level 1:colcon.colcon_core.environment:create_file_with_runtime_dependencies(/home/db/wheelchair_ws/install/sllidar_ros2/share/colcon-core/packages/sllidar_ros2)
[18.171s] INFO:colcon.colcon_ros.task.ament_cmake.build:Building ROS package in '/home/db/wheelchair_ws/src/wheelchair_navigation' with build type 'ament_cmake'
[18.172s] INFO:colcon.colcon_cmake.task.cmake.build:Building CMake package in '/home/db/wheelchair_ws/src/wheelchair_navigation'
[18.172s] INFO:colcon.colcon_core.shell:Skip shell extension 'powershell' for command environment: Not usable outside of PowerShell
[18.172s] DEBUG:colcon.colcon_core.shell:Skip shell extension 'dsv' for command environment
[18.186s] DEBUG:colcon.colcon_core.event_handler.log_command:Invoking command in '/home/db/wheelchair_ws/build/wheelchair_navigation': CMAKE_PREFIX_PATH=/home/db/wheelchair_ws/install/sllidar_ros2:/home/db/wheelchair_ws/install/wheelchair_navigation:/opt/ros/jazzy/opt/gz_math_vendor:/opt/ros/jazzy/opt/gz_utils_vendor:/opt/ros/jazzy/opt/gz_cmake_vendor:/opt/ros/jazzy /usr/bin/cmake /home/db/wheelchair_ws/src/wheelchair_navigation -DAMENT_CMAKE_SYMLINK_INSTALL=1 -DCMAKE_INSTALL_PREFIX=/home/db/wheelchair_ws/install/wheelchair_navigation
[19.343s] DEBUG:colcon.colcon_core.event_handler.log_command:Invoked command in '/home/db/wheelchair_ws/build/wheelchair_navigation' returned '0': CMAKE_PREFIX_PATH=/home/db/wheelchair_ws/install/sllidar_ros2:/home/db/wheelchair_ws/install/wheelchair_navigation:/opt/ros/jazzy/opt/gz_math_vendor:/opt/ros/jazzy/opt/gz_utils_vendor:/opt/ros/jazzy/opt/gz_cmake_vendor:/opt/ros/jazzy /usr/bin/cmake /home/db/wheelchair_ws/src/wheelchair_navigation -DAMENT_CMAKE_SYMLINK_INSTALL=1 -DCMAKE_INSTALL_PREFIX=/home/db/wheelchair_ws/install/wheelchair_navigation
[19.344s] DEBUG:colcon.colcon_core.event_handler.log_command:Invoking command in '/home/db/wheelchair_ws/build/wheelchair_navigation': CMAKE_PREFIX_PATH=/home/db/wheelchair_ws/install/sllidar_ros2:/home/db/wheelchair_ws/install/wheelchair_navigation:/opt/ros/jazzy/opt/gz_math_vendor:/opt/ros/jazzy/opt/gz_utils_vendor:/opt/ros/jazzy/opt/gz_cmake_vendor:/opt/ros/jazzy /usr/bin/cmake --build /home/db/wheelchair_ws/build/wheelchair_navigation -- -j4 -l4
[19.411s] DEBUG:colcon.colcon_core.event_handler.log_command:Invoked command in '/home/db/wheelchair_ws/build/wheelchair_navigation' returned '0': CMAKE_PREFIX_PATH=/home/db/wheelchair_ws/install/sllidar_ros2:/home/db/wheelchair_ws/install/wheelchair_navigation:/opt/ros/jazzy/opt/gz_math_vendor:/opt/ros/jazzy/opt/gz_utils_vendor:/opt/ros/jazzy/opt/gz_cmake_vendor:/opt/ros/jazzy /usr/bin/cmake --build /home/db/wheelchair_ws/build/wheelchair_navigation -- -j4 -l4
[19.412s] DEBUG:colcon.colcon_core.event_handler.log_command:Invoking command in '/home/db/wheelchair_ws/build/wheelchair_navigation': CMAKE_PREFIX_PATH=/home/db/wheelchair_ws/install/sllidar_ros2:/home/db/wheelchair_ws/install/wheelchair_navigation:/opt/ros/jazzy/opt/gz_math_vendor:/opt/ros/jazzy/opt/gz_utils_vendor:/opt/ros/jazzy/opt/gz_cmake_vendor:/opt/ros/jazzy /usr/bin/cmake --install /home/db/wheelchair_ws/build/wheelchair_navigation
[19.718s] Level 1:colcon.colcon_core.environment:create_environment_scripts_only(wheelchair_navigation)
[19.718s] Level 1:colcon.colcon_core.environment:checking '/home/db/wheelchair_ws/install/wheelchair_navigation' for CMake module files
[19.718s] DEBUG:colcon.colcon_core.event_handler.log_command:Invoked command in '/home/db/wheelchair_ws/build/wheelchair_navigation' returned '0': CMAKE_PREFIX_PATH=/home/db/wheelchair_ws/install/sllidar_ros2:/home/db/wheelchair_ws/install/wheelchair_navigation:/opt/ros/jazzy/opt/gz_math_vendor:/opt/ros/jazzy/opt/gz_utils_vendor:/opt/ros/jazzy/opt/gz_cmake_vendor:/opt/ros/jazzy /usr/bin/cmake --install /home/db/wheelchair_ws/build/wheelchair_navigation
[19.719s] Level 1:colcon.colcon_core.environment:checking '/home/db/wheelchair_ws/install/wheelchair_navigation' for CMake config files
[19.719s] Level 1:colcon.colcon_core.shell:create_environment_hook('wheelchair_navigation', 'cmake_prefix_path')
[19.719s] INFO:colcon.colcon_core.shell:Creating environment hook '/home/db/wheelchair_ws/install/wheelchair_navigation/share/wheelchair_navigation/hook/cmake_prefix_path.ps1'
[19.720s] INFO:colcon.colcon_core.shell:Creating environment descriptor '/home/db/wheelchair_ws/install/wheelchair_navigation/share/wheelchair_navigation/hook/cmake_prefix_path.dsv'
[19.720s] INFO:colcon.colcon_core.shell:Creating environment hook '/home/db/wheelchair_ws/install/wheelchair_navigation/share/wheelchair_navigation/hook/cmake_prefix_path.sh'
[19.721s] Level 1:colcon.colcon_core.environment:checking '/home/db/wheelchair_ws/install/wheelchair_navigation/bin'
[19.721s] Level 1:colcon.colcon_core.environment:checking '/home/db/wheelchair_ws/install/wheelchair_navigation/lib/pkgconfig/wheelchair_navigation.pc'
[19.721s] Level 1:colcon.colcon_core.environment:checking '/home/db/wheelchair_ws/install/wheelchair_navigation/lib/python3.12/site-packages'
[19.722s] Level 1:colcon.colcon_core.environment:checking '/home/db/wheelchair_ws/install/wheelchair_navigation/bin'
[19.722s] INFO:colcon.colcon_core.shell:Creating package script '/home/db/wheelchair_ws/install/wheelchair_navigation/share/wheelchair_navigation/package.ps1'
[19.723s] INFO:colcon.colcon_core.shell:Creating package descriptor '/home/db/wheelchair_ws/install/wheelchair_navigation/share/wheelchair_navigation/package.dsv'
[19.724s] INFO:colcon.colcon_core.shell:Creating package script '/home/db/wheelchair_ws/install/wheelchair_navigation/share/wheelchair_navigation/package.sh'
[19.724s] INFO:colcon.colcon_core.shell:Creating package script '/home/db/wheelchair_ws/install/wheelchair_navigation/share/wheelchair_navigation/package.bash'
[19.725s] INFO:colcon.colcon_core.shell:Creating package script '/home/db/wheelchair_ws/install/wheelchair_navigation/share/wheelchair_navigation/package.zsh'
[19.725s] Level 1:colcon.colcon_core.environment:create_file_with_runtime_dependencies(/home/db/wheelchair_ws/install/wheelchair_navigation/share/colcon-core/packages/wheelchair_navigation)
[19.726s] Level 1:colcon.colcon_core.environment:create_environment_scripts_only(wheelchair_navigation)
[19.726s] Level 1:colcon.colcon_core.environment:checking '/home/db/wheelchair_ws/install/wheelchair_navigation' for CMake module files
[19.727s] Level 1:colcon.colcon_core.environment:checking '/home/db/wheelchair_ws/install/wheelchair_navigation' for CMake config files
[19.727s] Level 1:colcon.colcon_core.shell:create_environment_hook('wheelchair_navigation', 'cmake_prefix_path')
[19.727s] INFO:colcon.colcon_core.shell:Creating environment hook '/home/db/wheelchair_ws/install/wheelchair_navigation/share/wheelchair_navigation/hook/cmake_prefix_path.ps1'
[19.728s] INFO:colcon.colcon_core.shell:Creating environment descriptor '/home/db/wheelchair_ws/install/wheelchair_navigation/share/wheelchair_navigation/hook/cmake_prefix_path.dsv'
[19.729s] INFO:colcon.colcon_core.shell:Creating environment hook '/home/db/wheelchair_ws/install/wheelchair_navigation/share/wheelchair_navigation/hook/cmake_prefix_path.sh'
[19.729s] Level 1:colcon.colcon_core.environment:checking '/home/db/wheelchair_ws/install/wheelchair_navigation/bin'
[19.730s] Level 1:colcon.colcon_core.environment:checking '/home/db/wheelchair_ws/install/wheelchair_navigation/lib/pkgconfig/wheelchair_navigation.pc'
[19.730s] Level 1:colcon.colcon_core.environment:checking '/home/db/wheelchair_ws/install/wheelchair_navigation/lib/python3.12/site-packages'
[19.730s] Level 1:colcon.colcon_core.environment:checking '/home/db/wheelchair_ws/install/wheelchair_navigation/bin'
[19.731s] INFO:colcon.colcon_core.shell:Creating package script '/home/db/wheelchair_ws/install/wheelchair_navigation/share/wheelchair_navigation/package.ps1'
[19.732s] INFO:colcon.colcon_core.shell:Creating package descriptor '/home/db/wheelchair_ws/install/wheelchair_navigation/share/wheelchair_navigation/package.dsv'
[19.732s] INFO:colcon.colcon_core.shell:Creating package script '/home/db/wheelchair_ws/install/wheelchair_navigation/share/wheelchair_navigation/package.sh'
[19.733s] INFO:colcon.colcon_core.shell:Creating package script '/home/db/wheelchair_ws/install/wheelchair_navigation/share/wheelchair_navigation/package.bash'
[19.733s] INFO:colcon.colcon_core.shell:Creating package script '/home/db/wheelchair_ws/install/wheelchair_navigation/share/wheelchair_navigation/package.zsh'
[19.735s] Level 1:colcon.colcon_core.environment:create_file_with_runtime_dependencies(/home/db/wheelchair_ws/install/wheelchair_navigation/share/colcon-core/packages/wheelchair_navigation)
[19.736s] DEBUG:colcon.colcon_parallel_executor.executor.parallel:closing loop
[19.736s] DEBUG:colcon.colcon_parallel_executor.executor.parallel:loop closed
[19.737s] DEBUG:colcon.colcon_parallel_executor.executor.parallel:run_until_complete finished with '0'
[19.737s] DEBUG:colcon.colcon_core.event_reactor:joining thread
[19.737s] DEBUG:colcon.colcon_core.event_reactor:joined thread
[19.738s] INFO:colcon.colcon_core.shell:Creating prefix script '/home/db/wheelchair_ws/install/local_setup.ps1'
[19.739s] INFO:colcon.colcon_core.shell:Creating prefix util module '/home/db/wheelchair_ws/install/_local_setup_util_ps1.py'
[19.740s] INFO:colcon.colcon_core.shell:Creating prefix chain script '/home/db/wheelchair_ws/install/setup.ps1'
[19.741s] INFO:colcon.colcon_core.shell:Creating prefix script '/home/db/wheelchair_ws/install/local_setup.sh'
[19.742s] INFO:colcon.colcon_core.shell:Creating prefix util module '/home/db/wheelchair_ws/install/_local_setup_util_sh.py'
[19.743s] INFO:colcon.colcon_core.shell:Creating prefix chain script '/home/db/wheelchair_ws/install/setup.sh'
[19.744s] INFO:colcon.colcon_core.shell:Creating prefix script '/home/db/wheelchair_ws/install/local_setup.bash'
[19.745s] INFO:colcon.colcon_core.shell:Creating prefix chain script '/home/db/wheelchair_ws/install/setup.bash'
[19.746s] INFO:colcon.colcon_core.shell:Creating prefix script '/home/db/wheelchair_ws/install/local_setup.zsh'
[19.747s] INFO:colcon.colcon_core.shell:Creating prefix chain script '/home/db/wheelchair_ws/install/setup.zsh'
